Info: [VCS_SAVE_RESTORE_INFO] ASLR (Address Space Layout Randomization) is detected on the machine. To enable $save functionality, ASLR will be switched off and simv re-executed.
Please use '-no_save' simv switch to avoid this.

                           Design Compiler Graphical 
                                 DC Ultra (TM)
                                  DFTMAX (TM)
                              Power Compiler (TM)
                                 DesignWare (R)
                                 DC Expert (TM)
                               Design Vision (TM)
                               HDL Compiler (TM)
                               VHDL Compiler (TM)
                                  DFT Compiler
                               Design Compiler(R)

               Version W-2024.09-SP4 for linux64 - Feb 26, 2025 

                    Copyright (c) 1988 - 2025 Synopsys, Inc.
   This software and the associated documentation are proprietary to Synopsys,
 Inc. This software may only be used in accordance with the terms and conditions
 of a written license agreement with Synopsys, Inc. All other use, reproduction,
   or distribution of this software is strictly prohibited.  Licensed Products
     communicate with Synopsys servers for the purpose of providing software
    updates, detecting software piracy and verifying that customers are using
    Licensed Products in conformity with the applicable License Key for such
  Licensed Products. Synopsys will use information gathered in connection with
    this process to deliver software updates and pursue software pirates and
                                   infringers.

 Inclusivity & Diversity - Visit SolvNetPlus to read the "Synopsys Statement on
            Inclusivity and Diversity" (Refer to article 000036315 at
                        https://solvnetplus.synopsys.com)
Initializing...
Initializing gui preferences from file  /home/ecegridfs/a/337mg217/.synopsys_dc_gui/preferences.tcl
Current time:       Mon Apr 20 05:24:26 2026
Hostname:           ececomp3.ecn.purdue.edu
CPU Model:          AMD EPYC 7513 32-Core Processor
CPU Details:        Cores = 128 : Sockets = 2 : Cache Size = 512 KB : Freq = 2.60 GHz
OS:                 Linux 4.18.0-553.111.1.el8_10.x86_64
RAM:                502 GB (Free 175 GB)
Swap:                63 GB (Free  55 GB)
Work Filesystem:    /home/ecegridfs/a mounted to ecegridfs.ecn.purdue.edu:/export/home/a
Tmp Filesystem:     /tmp mounted to tmpfs
Work Disk:          2968 GB (Free 338 GB)
Tmp Disk:            19 GB (Free  18 GB)

CPU Load: 43%, Ram Free: 175 GB, Swap Free: 55 GB, Work Disk Free: 338 GB, Tmp Disk Free: 18 GB
############################################
#
# Auto-generated project tcl file:
#  * sets up variable
#  * runs customized script
#
############################################
sh date
Mon Apr 20 05:24:26 EDT 2026
set TOP_MODULE ahb_subordinate
ahb_subordinate
set DC_SCRIPT synth.tcl
synth.tcl
set READ_SOURCES u337mg164_ece337_ahb_subordinate_1.0.0-read-sources
u337mg164_ece337_ahb_subordinate_1.0.0-read-sources
set SCRIPT_DIR src/u337mg164_ece337_synfiles_0
src/u337mg164_ece337_synfiles_0
set REPORT_DIR reports
reports
sh mkdir -p ${REPORT_DIR}
set target_library /home/ecegrid/a/ece337/summer24-refactor/tech/ami05/osu05_stdcells.db
/home/ecegrid/a/ece337/summer24-refactor/tech/ami05/osu05_stdcells.db
set link_library   [concat "*"  /home/ecegrid/a/ece337/summer24-refactor/tech/ami05/osu05_stdcells.db dw_foundation.sldb]
* /home/ecegrid/a/ece337/summer24-refactor/tech/ami05/osu05_stdcells.db dw_foundation.sldb
############################################
#
# Run custom script
#
############################################
source ${SCRIPT_DIR}/${DC_SCRIPT}
Running PRESTO HDLC
Compiling source file ./src/u337mg164_ece337_hready_read_fsm_1.0.0/source/hready_read_fsm.sv
Presto compilation completed successfully.
Loading db file '/home/ecegrid/a/ece337/summer24-refactor/tech/ami05/osu05_stdcells.db'
Loading db file '/package/eda/synopsys/syn/W-2024.09-SP4/libraries/syn/dw_foundation.sldb'
Running PRESTO HDLC
Compiling source file ./src/u337mg164_ece337_hready_write_fsm_1.0.0/source/hready_write_fsm.sv
Presto compilation completed successfully.
Running PRESTO HDLC
Compiling source file ./src/u337mg164_ece337_ahb_subordinate_1.0.0/source/ahb_subordinate.sv
Presto compilation completed successfully.
Loading db file '/package/eda/synopsys/syn/W-2024.09-SP4/libraries/syn/gtech.db'
Loading db file '/package/eda/synopsys/syn/W-2024.09-SP4/libraries/syn/standard.sldb'
  Loading link library 'osu05_stdcells'
  Loading link library 'gtech'
Running PRESTO HDLC

Statistics for case statements in always block in file
	'./src/u337mg164_ece337_ahb_subordinate_1.0.0/source/ahb_subordinate.sv'
============================================================
|    Line    |  full/ parallel  |      block location      |
============================================================
|    171     |    auto/auto     | always block at line 129 |
============================================================

Inferred memory devices in process in routine 'ahb_subordinate' in file
	 ./src/u337mg164_ece337_ahb_subordinate_1.0.0/source/ahb_subordinate.sv'.
==================================================================================
|    Register Name    |   Type    | Width | Bus | MB |  Set  | Reset | ST | Line |
==================================================================================
|   prev_clear_reg    | Flip-flop |   1   |  N  | N  | None  | Async | N  |  46  |
|     hrdata_reg      | Flip-flop |  32   |  Y  | N  | None  | Async | N  |  46  |
|    register_reg     | Flip-flop |   8   |  Y  | N  | None  | Async | N  |  46  |
|   prev_hsize_reg    | Flip-flop |   2   |  Y  | N  | None  | Async | N  |  46  |
|   prev_haddr_reg    | Flip-flop |   4   |  Y  | N  | None  | Async | N  |  46  |
|   prev_hresp_reg    | Flip-flop |   1   |  N  | N  | None  | Async | N  |  46  |
| prev_hresp_high_reg | Flip-flop |   1   |  N  | N  | None  | Async | N  |  46  |
|   prev_hwrite_reg   | Flip-flop |   1   |  N  | N  | None  | Async | N  |  46  |
==================================================================================
Presto compilation completed successfully. (ahb_subordinate)
Module: ahb_subordinate, Ports: 114, Input: 65, Output: 49, Inout: 0
Module: ahb_subordinate, Registers: 50, Async set/reset: 50, Sync set/reset: 0
Information: Module ahb_subordinate report end. (ELAB-965)
Elaborated 1 design.
Current design is now 'ahb_subordinate'.
Information: Building the design 'hready_read_fsm'. (HDL-193)

Statistics for case statements in always block in file
	'./src/u337mg164_ece337_hready_read_fsm_1.0.0/source/hready_read_fsm.sv'
===========================================================
|    Line    |  full/ parallel  |      block location     |
===========================================================
|     36     |     no/auto      | always block at line 30 |
===========================================================

Inferred memory devices in process in routine 'hready_read_fsm' in file
	 ./src/u337mg164_ece337_hready_read_fsm_1.0.0/source/hready_read_fsm.sv'.
==================================================================================
|    Register Name    |   Type    | Width | Bus | MB |  Set  | Reset | ST | Line |
==================================================================================
|     buffer_reg      | Flip-flop |  32   |  Y  | N  | None  | Async | N  |  20  |
|      state_reg      | Flip-flop |   5   |  Y  | N  | None  | Async | N  |  20  |
==================================================================================
Presto compilation completed successfully. (hready_read_fsm)
Module: hready_read_fsm, Ports: 54, Input: 19, Output: 35, Inout: 0
Module: hready_read_fsm, Registers: 37, Async set/reset: 37, Sync set/reset: 0
Information: Module hready_read_fsm report end. (ELAB-965)
Information: Uniquified 2 instances of design 'hready_read_fsm'. (OPT-1056)
CPU Load: 43%, Ram Free: 175 GB, Swap Free: 55 GB, Work Disk Free: 338 GB, Tmp Disk Free: 18 GB
Information: Checking out the license 'DesignWare'. (SEC-104)
Information: Evaluating DesignWare library utilization. (UISN-27)

============================================================================
| DesignWare Building Block Library  |         Version         | Available |
============================================================================
| Basic DW Building Blocks           | W-2024.09-DWBB_202409.4 |     *     |
| Licensed DW Building Blocks        | W-2024.09-DWBB_202409.4 |     *     |
============================================================================

====================================================================================================
| Flow Information                                                                                 |
----------------------------------------------------------------------------------------------------
| Flow         | Design Compiler                                                                   |
====================================================================================================
| Design Information                                      | Value                                  |
====================================================================================================
| Number of Scenarios                                     | 0                                      |
| Leaf Cell Count                                         | 1156                                   |
| Number of User Hierarchies                              | 2                                      |
| Sequential Cell Count                                   | 124                                    |
| Macro Count                                             | 0                                      |
| Pad Count                                               | 0                                      |
| Number of Power Domains                                 | 0                                      |
| Number of Path Groups                                   | 1                                      |
| Number of VT Class                                      | 0                                      |
| Number of Clocks                                        | 0                                      |
| Number of Dont Touch Cells                              | 366                                    |
| Number of Dont Touch Nets                               | 0                                      |
| Number of Size Only Cells                               | 0                                      |
| Design with Target Library Subset (with clock_path)     | false  (false )                        |
| Design with UPF Data                                    | false                                  |
====================================================================================================

Information: There are 187 potential problems in your design. Please run 'check_design' for more information. (LINT-99)



  Beginning Pass 1 Mapping
  ------------------------
  Processing 'hready_read_fsm_0'
Module: DW01_MUX, Ports: 4, Input: 3, Output: 1, Inout: 0
Module: DW01_MUX, Registers: 0, Async set/reset: 0, Sync set/reset: 0
Module: DW01_mmux_width2, Ports: 7, Input: 5, Output: 2, Inout: 0
Module: DW01_mmux_width2, Registers: 0, Async set/reset: 0, Sync set/reset: 0
Module: DW01_mmux_width3, Ports: 10, Input: 7, Output: 3, Inout: 0
Module: DW01_mmux_width3, Registers: 0, Async set/reset: 0, Sync set/reset: 0
Module: DW01_mmux_width4, Ports: 13, Input: 9, Output: 4, Inout: 0
Module: DW01_mmux_width4, Registers: 0, Async set/reset: 0, Sync set/reset: 0
Module: DW01_mmux_width5, Ports: 16, Input: 11, Output: 5, Inout: 0
Module: DW01_mmux_width5, Registers: 0, Async set/reset: 0, Sync set/reset: 0
Module: DW01_NOT, Ports: 2, Input: 1, Output: 1, Inout: 0
Module: DW01_NOT, Registers: 0, Async set/reset: 0, Sync set/reset: 0
  Processing 'ahb_subordinate'
Module: DW01_dec_width4, Ports: 8, Input: 4, Output: 4, Inout: 0
Module: DW01_dec_width4, Registers: 0, Async set/reset: 0, Sync set/reset: 0
Module: DW01_NAND2, Ports: 3, Input: 2, Output: 1, Inout: 0
Module: DW01_NAND2, Registers: 0, Async set/reset: 0, Sync set/reset: 0
Module: DW01_add_width4, Ports: 14, Input: 9, Output: 5, Inout: 0
Module: DW01_add_width4, Registers: 0, Async set/reset: 0, Sync set/reset: 0
Module: DW01_add_width5, Ports: 17, Input: 11, Output: 6, Inout: 0
Module: DW01_add_width5, Registers: 0, Async set/reset: 0, Sync set/reset: 0
Module: DW01_dec_width6, Ports: 12, Input: 6, Output: 6, Inout: 0
Module: DW01_dec_width6, Registers: 0, Async set/reset: 0, Sync set/reset: 0
Module: DW01_add_width6, Ports: 20, Input: 13, Output: 7, Inout: 0
Module: DW01_add_width6, Registers: 0, Async set/reset: 0, Sync set/reset: 0
Module: DW01_cmp6_width4, Ports: 15, Input: 9, Output: 6, Inout: 0
Module: DW01_cmp6_width4, Registers: 0, Async set/reset: 0, Sync set/reset: 0
Module: DW01_cmp6_width2, Ports: 11, Input: 5, Output: 6, Inout: 0
Module: DW01_cmp6_width2, Registers: 0, Async set/reset: 0, Sync set/reset: 0
Module: DW01_cmp6_width7, Ports: 21, Input: 15, Output: 6, Inout: 0
Module: DW01_cmp6_width7, Registers: 0, Async set/reset: 0, Sync set/reset: 0
Module: DW01_cmp6_width32, Ports: 71, Input: 65, Output: 6, Inout: 0
Module: DW01_cmp6_width32, Registers: 0, Async set/reset: 0, Sync set/reset: 0
Module: DW_rash_A_width4_SH_width2, Ports: 12, Input: 8, Output: 4, Inout: 0
Module: DW_rash_A_width4_SH_width2, Registers: 0, Async set/reset: 0, Sync set/reset: 0
Module: DW01_cmp2_width4, Ports: 12, Input: 10, Output: 2, Inout: 0
Module: DW01_cmp2_width4, Registers: 0, Async set/reset: 0, Sync set/reset: 0
Module: DW01_cmp2_width32, Ports: 68, Input: 66, Output: 2, Inout: 0
Module: DW01_cmp2_width32, Registers: 0, Async set/reset: 0, Sync set/reset: 0
Module: DW01_sub_width6, Ports: 20, Input: 13, Output: 7, Inout: 0
Module: DW01_sub_width6, Registers: 0, Async set/reset: 0, Sync set/reset: 0
Module: DW01_incdec_width6, Ports: 13, Input: 7, Output: 6, Inout: 0
Module: DW01_incdec_width6, Registers: 0, Async set/reset: 0, Sync set/reset: 0
Module: DW01_cmp2_width7, Ports: 18, Input: 16, Output: 2, Inout: 0
Module: DW01_cmp2_width7, Registers: 0, Async set/reset: 0, Sync set/reset: 0
Module: DW01_sub_width4, Ports: 14, Input: 9, Output: 5, Inout: 0
Module: DW01_sub_width4, Registers: 0, Async set/reset: 0, Sync set/reset: 0
Module: DW01_incdec_width4, Ports: 9, Input: 5, Output: 4, Inout: 0
Module: DW01_incdec_width4, Registers: 0, Async set/reset: 0, Sync set/reset: 0
Information: The register 'prev_hresp_reg' will be removed. (OPT-1207)
Information: Added key list 'DesignWare' to design 'ahb_subordinate'. (DDB-72)
Information: The register 'prev_clear_reg' is a constant and will be removed. (OPT-1206)
Information: The register 'hrdata_reg[31]' is a constant and will be removed. (OPT-1206)
Information: The register 'hrdata_reg[30]' is a constant and will be removed. (OPT-1206)
Information: The register 'hrdata_reg[29]' is a constant and will be removed. (OPT-1206)
Information: The register 'hrdata_reg[28]' is a constant and will be removed. (OPT-1206)
Information: The register 'hrdata_reg[27]' is a constant and will be removed. (OPT-1206)
Information: The register 'hrdata_reg[26]' is a constant and will be removed. (OPT-1206)
Information: The register 'hrdata_reg[25]' is a constant and will be removed. (OPT-1206)
Information: The register 'hrdata_reg[24]' is a constant and will be removed. (OPT-1206)
Information: The register 'hrdata_reg[23]' is a constant and will be removed. (OPT-1206)
Information: The register 'hrdata_reg[22]' is a constant and will be removed. (OPT-1206)
Information: The register 'hrdata_reg[21]' is a constant and will be removed. (OPT-1206)
Information: The register 'hrdata_reg[20]' is a constant and will be removed. (OPT-1206)
Information: The register 'hrdata_reg[19]' is a constant and will be removed. (OPT-1206)
Information: The register 'hrdata_reg[18]' is a constant and will be removed. (OPT-1206)
Information: The register 'hrdata_reg[17]' is a constant and will be removed. (OPT-1206)
Information: The register 'hrdata_reg[16]' is a constant and will be removed. (OPT-1206)

  Updating timing information
Information: Updating design information... (UID-85)
Information: Design 'ahb_subordinate' has no optimization constraints set. (OPT-108)

  Beginning Implementation Selection
  ----------------------------------
  Processing 'ahb_subordinate_DW01_cmp2_0_DW01_cmp2_5'
  Processing 'ahb_subordinate_DW01_dec_0_DW01_dec_1'
  Processing 'ahb_subordinate_DW01_add_0_DW01_add_1'
  Processing 'ahb_subordinate_DW01_cmp2_1_DW01_cmp2_6'
  Mapping 'DW_rightsh'

  Beginning Mapping Optimizations  (Medium effort)
  -------------------------------
  Structuring 'hready_read_fsm_0'
  Mapping 'hready_read_fsm_0'
  Structuring 'hready_read_fsm_1'
  Mapping 'hready_read_fsm_1'
  Structuring 'ahb_subordinate'
  Mapping 'ahb_subordinate'

                                  TOTAL                                      
   ELAPSED            WORST NEG   SETUP    DESIGN                            
    TIME      AREA      SLACK     COST    RULE COST         ENDPOINT         
  --------- --------- --------- --------- --------- -------------------------
    0:00:02  281142.0      0.00       0.0       0.0                          
    0:00:02  281142.0      0.00       0.0       0.0                          
    0:00:02  281142.0      0.00       0.0       0.0                          
    0:00:02  281142.0      0.00       0.0       0.0                          
    0:00:02  281142.0      0.00       0.0       0.0                          
    0:00:02  281142.0      0.00       0.0       0.0                          
    0:00:02  281142.0      0.00       0.0       0.0                          
    0:00:02  281142.0      0.00       0.0       0.0                          
    0:00:02  281142.0      0.00       0.0       0.0                          
    0:00:02  281142.0      0.00       0.0       0.0                          
    0:00:02  281142.0      0.00       0.0       0.0                          
    0:00:02  281142.0      0.00       0.0       0.0                          



  Beginning Delay Optimization Phase
  ----------------------------------

                                  TOTAL                                      
   ELAPSED            WORST NEG   SETUP    DESIGN                            
    TIME      AREA      SLACK     COST    RULE COST         ENDPOINT         
  --------- --------- --------- --------- --------- -------------------------
    0:00:02  281142.0      0.00       0.0       0.0                          
    0:00:02  281142.0      0.00       0.0       0.0                          
    0:00:02  281142.0      0.00       0.0       0.0                          
    0:00:02  281142.0      0.00       0.0       0.0                          
    0:00:02  281142.0      0.00       0.0       0.0                          


  Beginning Area-Recovery Phase  (cleanup)
  -----------------------------

                                  TOTAL                                      
   ELAPSED            WORST NEG   SETUP    DESIGN                            
    TIME      AREA      SLACK     COST    RULE COST         ENDPOINT         
  --------- --------- --------- --------- --------- -------------------------
    0:00:02  281142.0      0.00       0.0       0.0                          
    0:00:02  281142.0      0.00       0.0       0.0                          
    0:00:02  281142.0      0.00       0.0       0.0                          
    0:00:02  281142.0      0.00       0.0       0.0                          
    0:00:02  281142.0      0.00       0.0       0.0                          
    0:00:02  281142.0      0.00       0.0       0.0                          
    0:00:02  281142.0      0.00       0.0       0.0                          
    0:00:02  281142.0      0.00       0.0       0.0                          
    0:00:02  281142.0      0.00       0.0       0.0                          
    0:00:02  281142.0      0.00       0.0       0.0                          
    0:00:02  281142.0      0.00       0.0       0.0                          
Loading db file '/home/ecegrid/a/ece337/summer24-refactor/tech/ami05/osu05_stdcells.db'


Note: Symbol # after min delay cost means estimated hold TNS across all active scenarios 


  Optimization Complete
  ---------------------
CPU Load: 44%, Ram Free: 175 GB, Swap Free: 55 GB, Work Disk Free: 338 GB, Tmp Disk Free: 18 GB
Information: Total number of MV cells in the design.
----------------------------------------------------------------------------------------------------
 MV Cells                                           Total Number                                   
----------------------------------------------------------------------------------------------------
 Level Shifter:                                     0                                             
 Enable Level Shifter:                              0                                             
 Isolation Cell:                                    0                                             
 Retention Cell:                                    0                                             
 Retention Clamp Cell:                              0                                             
 Switch Cell:                                       0                                             
 Always-On Cell:                                    0                                             
 Repeater Cell:                                     0                                             

----------------------------------------------------------------------------------------------------
Unmapped MV Cells 
----------------------------------------------------------------------------------------------------
0 Isolation Cells are unmapped 
0 Retention Clamp Cells are unmapped 
----------------------------------------------------------------------------------------------------
 
****************************************
check_design summary:
Version:     W-2024.09-SP4
Date:        Mon Apr 20 05:24:29 2026
****************************************

                   Name                                            Total
--------------------------------------------------------------------------------
Inputs/Outputs                                                     62
    Unloaded inputs (LINT-8)                                        8
    Unconnected ports (LINT-28)                                    31
    Shorted outputs (LINT-31)                                       2
    Constant outputs (LINT-52)                                     21

Nets                                                                8
    Unloaded nets (LINT-2)                                          8
--------------------------------------------------------------------------------

Warning: In design 'ahb_subordinate', net 'hwdata[8]' driven by pin 'hwdata[8]' has no loads. (LINT-2)
Warning: In design 'ahb_subordinate', net 'hwdata[9]' driven by pin 'hwdata[9]' has no loads. (LINT-2)
Warning: In design 'ahb_subordinate', net 'hwdata[10]' driven by pin 'hwdata[10]' has no loads. (LINT-2)
Warning: In design 'ahb_subordinate', net 'hwdata[11]' driven by pin 'hwdata[11]' has no loads. (LINT-2)
Warning: In design 'ahb_subordinate', net 'hwdata[12]' driven by pin 'hwdata[12]' has no loads. (LINT-2)
Warning: In design 'ahb_subordinate', net 'hwdata[13]' driven by pin 'hwdata[13]' has no loads. (LINT-2)
Warning: In design 'ahb_subordinate', net 'hwdata[14]' driven by pin 'hwdata[14]' has no loads. (LINT-2)
Warning: In design 'ahb_subordinate', net 'hwdata[15]' driven by pin 'hwdata[15]' has no loads. (LINT-2)
Warning: In design 'ahb_subordinate', input port 'hwdata[15]' is unloaded. (LINT-8)
Warning: In design 'ahb_subordinate', input port 'hwdata[14]' is unloaded. (LINT-8)
Warning: In design 'ahb_subordinate', input port 'hwdata[13]' is unloaded. (LINT-8)
Warning: In design 'ahb_subordinate', input port 'hwdata[12]' is unloaded. (LINT-8)
Warning: In design 'ahb_subordinate', input port 'hwdata[11]' is unloaded. (LINT-8)
Warning: In design 'ahb_subordinate', input port 'hwdata[10]' is unloaded. (LINT-8)
Warning: In design 'ahb_subordinate', input port 'hwdata[9]' is unloaded. (LINT-8)
Warning: In design 'ahb_subordinate', input port 'hwdata[8]' is unloaded. (LINT-8)
Warning: In design 'ahb_subordinate', port 'rx_data_ready' is not connected to any nets. (LINT-28)
Warning: In design 'ahb_subordinate', port 'rx_error' is not connected to any nets. (LINT-28)
Warning: In design 'ahb_subordinate', port 'tx_error' is not connected to any nets. (LINT-28)
Warning: In design 'ahb_subordinate', port 'rx_packet[2]' is not connected to any nets. (LINT-28)
Warning: In design 'ahb_subordinate', port 'rx_packet[1]' is not connected to any nets. (LINT-28)
Warning: In design 'ahb_subordinate', port 'rx_packet[0]' is not connected to any nets. (LINT-28)
Warning: In design 'ahb_subordinate', port 'hwdata[31]' is not connected to any nets. (LINT-28)
Warning: In design 'ahb_subordinate', port 'hwdata[30]' is not connected to any nets. (LINT-28)
Warning: In design 'ahb_subordinate', port 'hwdata[29]' is not connected to any nets. (LINT-28)
Warning: In design 'ahb_subordinate', port 'hwdata[28]' is not connected to any nets. (LINT-28)
Warning: In design 'ahb_subordinate', port 'hwdata[27]' is not connected to any nets. (LINT-28)
Warning: In design 'ahb_subordinate', port 'hwdata[26]' is not connected to any nets. (LINT-28)
Warning: In design 'ahb_subordinate', port 'hwdata[25]' is not connected to any nets. (LINT-28)
Warning: In design 'ahb_subordinate', port 'hwdata[24]' is not connected to any nets. (LINT-28)
Warning: In design 'ahb_subordinate', port 'hwdata[23]' is not connected to any nets. (LINT-28)
Warning: In design 'ahb_subordinate', port 'hwdata[22]' is not connected to any nets. (LINT-28)
Warning: In design 'ahb_subordinate', port 'hwdata[21]' is not connected to any nets. (LINT-28)
Warning: In design 'ahb_subordinate', port 'hwdata[20]' is not connected to any nets. (LINT-28)
Warning: In design 'ahb_subordinate', port 'hwdata[19]' is not connected to any nets. (LINT-28)
Warning: In design 'ahb_subordinate', port 'hwdata[18]' is not connected to any nets. (LINT-28)
Warning: In design 'ahb_subordinate', port 'hwdata[17]' is not connected to any nets. (LINT-28)
Warning: In design 'ahb_subordinate', port 'hwdata[16]' is not connected to any nets. (LINT-28)
Warning: In design 'ahb_subordinate', port 'store_tx_data' is not connected to any nets. (LINT-28)
Warning: In design 'ahb_subordinate', port 'tx_data[7]' is not connected to any nets. (LINT-28)
Warning: In design 'ahb_subordinate', port 'tx_data[6]' is not connected to any nets. (LINT-28)
Warning: In design 'ahb_subordinate', port 'tx_data[5]' is not connected to any nets. (LINT-28)
Warning: In design 'ahb_subordinate', port 'tx_data[4]' is not connected to any nets. (LINT-28)
Warning: In design 'ahb_subordinate', port 'tx_data[3]' is not connected to any nets. (LINT-28)
Warning: In design 'ahb_subordinate', port 'tx_data[2]' is not connected to any nets. (LINT-28)
Warning: In design 'ahb_subordinate', port 'tx_data[1]' is not connected to any nets. (LINT-28)
Warning: In design 'ahb_subordinate', port 'tx_data[0]' is not connected to any nets. (LINT-28)
Warning: In design 'ahb_subordinate', output port 'tx_packet[2]' is connected directly to output port 'tx_packet[1]'. (LINT-31)
Warning: In design 'ahb_subordinate', output port 'tx_packet[2]' is connected directly to output port 'tx_packet[0]'. (LINT-31)
Warning: In design 'ahb_subordinate', output port 'hready' is connected directly to 'logic 0'. (LINT-52)
Warning: In design 'ahb_subordinate', output port 'clear' is connected directly to 'logic 0'. (LINT-52)
Warning: In design 'ahb_subordinate', output port 'tx_packet[2]' is connected directly to 'logic 0'. (LINT-52)
Warning: In design 'ahb_subordinate', output port 'tx_packet[1]' is connected directly to 'logic 0'. (LINT-52)
Warning: In design 'ahb_subordinate', output port 'tx_packet[0]' is connected directly to 'logic 0'. (LINT-52)
Warning: In design 'ahb_subordinate', output port 'hrdata[31]' is connected directly to 'logic 0'. (LINT-52)
Warning: In design 'ahb_subordinate', output port 'hrdata[30]' is connected directly to 'logic 0'. (LINT-52)
Warning: In design 'ahb_subordinate', output port 'hrdata[29]' is connected directly to 'logic 0'. (LINT-52)
Warning: In design 'ahb_subordinate', output port 'hrdata[28]' is connected directly to 'logic 0'. (LINT-52)
Warning: In design 'ahb_subordinate', output port 'hrdata[27]' is connected directly to 'logic 0'. (LINT-52)
Warning: In design 'ahb_subordinate', output port 'hrdata[26]' is connected directly to 'logic 0'. (LINT-52)
Warning: In design 'ahb_subordinate', output port 'hrdata[25]' is connected directly to 'logic 0'. (LINT-52)
Warning: In design 'ahb_subordinate', output port 'hrdata[24]' is connected directly to 'logic 0'. (LINT-52)
Warning: In design 'ahb_subordinate', output port 'hrdata[23]' is connected directly to 'logic 0'. (LINT-52)
Warning: In design 'ahb_subordinate', output port 'hrdata[22]' is connected directly to 'logic 0'. (LINT-52)
Warning: In design 'ahb_subordinate', output port 'hrdata[21]' is connected directly to 'logic 0'. (LINT-52)
Warning: In design 'ahb_subordinate', output port 'hrdata[20]' is connected directly to 'logic 0'. (LINT-52)
Warning: In design 'ahb_subordinate', output port 'hrdata[19]' is connected directly to 'logic 0'. (LINT-52)
Warning: In design 'ahb_subordinate', output port 'hrdata[18]' is connected directly to 'logic 0'. (LINT-52)
Warning: In design 'ahb_subordinate', output port 'hrdata[17]' is connected directly to 'logic 0'. (LINT-52)
Warning: In design 'ahb_subordinate', output port 'hrdata[16]' is connected directly to 'logic 0'. (LINT-52)
Writing verilog file '/home/ecegridfs/a/337mg217/ece337/ECE337_USB/tmp/build/u337mg164_ece337_ahb_subordinate_1.0.0/syn-design_compiler/ahb_subordinate.v'.
Warning: Verilog writer has added 48 nets to module ahb_subordinate using SYNOPSYS_UNCONNECTED_ as prefix.  Please use the change_names command to make the correct changes before invoking the verilog writer.  (VO-11)

Memory usage for this session 154 Mbytes.
Memory usage for this session including child processes 154 Mbytes.
CPU usage for this session 5 seconds ( 0.00 hours ).
Elapsed time for this session 8 seconds ( 0.00 hours ).

Thank you...
