Info: [VCS_SAVE_RESTORE_INFO] ASLR (Address Space Layout Randomization) is detected on the machine. To enable $save functionality, ASLR will be switched off and simv re-executed.
Please use '-no_save' simv switch to avoid this.

                           Design Compiler Graphical 
                                 DC Ultra (TM)
                                  DFTMAX (TM)
                              Power Compiler (TM)
                                 DesignWare (R)
                                 DC Expert (TM)
                               Design Vision (TM)
                               HDL Compiler (TM)
                               VHDL Compiler (TM)
                                  DFT Compiler
                               Design Compiler(R)

               Version W-2024.09-SP4 for linux64 - Feb 26, 2025 

                    Copyright (c) 1988 - 2025 Synopsys, Inc.
   This software and the associated documentation are proprietary to Synopsys,
 Inc. This software may only be used in accordance with the terms and conditions
 of a written license agreement with Synopsys, Inc. All other use, reproduction,
   or distribution of this software is strictly prohibited.  Licensed Products
     communicate with Synopsys servers for the purpose of providing software
    updates, detecting software piracy and verifying that customers are using
    Licensed Products in conformity with the applicable License Key for such
  Licensed Products. Synopsys will use information gathered in connection with
    this process to deliver software updates and pursue software pirates and
                                   infringers.

 Inclusivity & Diversity - Visit SolvNetPlus to read the "Synopsys Statement on
            Inclusivity and Diversity" (Refer to article 000036315 at
                        https://solvnetplus.synopsys.com)
Initializing...
Initializing gui preferences from file  /home/ecegridfs/a/337mg217/.synopsys_dc_gui/preferences.tcl
Current time:       Sat Apr 18 16:22:23 2026
Hostname:           ececomp4.ecn.purdue.edu
CPU Model:          AMD EPYC 7513 32-Core Processor
CPU Details:        Cores = 128 : Sockets = 2 : Cache Size = 512 KB : Freq = 2.60 GHz
OS:                 Linux 4.18.0-553.111.1.el8_10.x86_64
RAM:                502 GB (Free  96 GB)
Swap:                63 GB (Free  53 GB)
Work Filesystem:    /home/ecegridfs/a mounted to ecegridfs.ecn.purdue.edu:/export/home/a
Tmp Filesystem:     /tmp mounted to tmpfs
Work Disk:          2968 GB (Free 363 GB)
Tmp Disk:            19 GB (Free  18 GB)

CPU Load: 43%, Ram Free: 96 GB, Swap Free: 53 GB, Work Disk Free: 363 GB, Tmp Disk Free: 18 GB
############################################
#
# Auto-generated project tcl file:
#  * sets up variable
#  * runs customized script
#
############################################
sh date
Sat Apr 18 16:22:23 EDT 2026
set TOP_MODULE ahb_subordinate
ahb_subordinate
set DC_SCRIPT synth.tcl
synth.tcl
set READ_SOURCES u337mg164_ece337_ahb_subordinate_1.0.0-read-sources
u337mg164_ece337_ahb_subordinate_1.0.0-read-sources
set SCRIPT_DIR src/u337mg164_ece337_synfiles_0
src/u337mg164_ece337_synfiles_0
set REPORT_DIR reports
reports
sh mkdir -p ${REPORT_DIR}
set target_library /home/ecegrid/a/ece337/summer24-refactor/tech/ami05/osu05_stdcells.db
/home/ecegrid/a/ece337/summer24-refactor/tech/ami05/osu05_stdcells.db
set link_library   [concat "*"  /home/ecegrid/a/ece337/summer24-refactor/tech/ami05/osu05_stdcells.db dw_foundation.sldb]
* /home/ecegrid/a/ece337/summer24-refactor/tech/ami05/osu05_stdcells.db dw_foundation.sldb
############################################
#
# Run custom script
#
############################################
source ${SCRIPT_DIR}/${DC_SCRIPT}
Running PRESTO HDLC
Compiling source file ./src/u337mg164_ece337_ahb_subordinate_1.0.0/source/ahb_subordinate.sv
Error:  ./src/u337mg164_ece337_ahb_subordinate_1.0.0/source/ahb_subordinate.sv:200: Block name symbol reg4 already defined. (VER-288)
Error:  Too many errors; can't continue. (VER-40)
*** Presto compilation terminated with 2 errors. ***
Loading db file '/home/ecegrid/a/ece337/summer24-refactor/tech/ami05/osu05_stdcells.db'
Loading db file '/package/eda/synopsys/syn/W-2024.09-SP4/libraries/syn/dw_foundation.sldb'
Loading db file '/package/eda/synopsys/syn/W-2024.09-SP4/libraries/syn/gtech.db'
Loading db file '/package/eda/synopsys/syn/W-2024.09-SP4/libraries/syn/standard.sldb'
  Loading link library 'osu05_stdcells'
  Loading link library 'gtech'
Error: Cannot find the design 'ahb_subordinate' in the library 'WORK'. (LBR-0)
Error: Current design is not defined. (UID-4)
Error: Current design is not defined. (UID-4)
Error: Current design is not defined. (UID-4)
Error: No files or designs were specified. (UID-22)

Memory usage for this session 116 Mbytes.
Memory usage for this session including child processes 116 Mbytes.
CPU usage for this session 3 seconds ( 0.00 hours ).
Elapsed time for this session 3 seconds ( 0.00 hours ).

Thank you...
